
> review-management-saas@0.1.0 build
> next build

  Γû▓ Next.js 14.2.18
  - Environments: .env.local

   Creating an optimized production build ...
 Γ£ô Compiled successfully
   Linting and checking validity of types ...
node.exe : Failed to compile.
At line:1 char:1
+ & "C:\Program Files\nodejs/node.exe" 
"C:\Program Files\nodejs/node_mo ...
+ ~~~~~~~~~~~~~~~~~~~~~~~~~~~~~~~~~~~~~~~~
~~~~~~~~~~~~~~~~~~~~~~~~~~~~~
    + CategoryInfo          : NotSpecifie 
   d: (Failed to compile.:String) [], Re  
  moteException
    + FullyQualifiedErrorId : NativeComma 
   ndError
 

./app/dashboard/layout.tsx:41:17
Type error: Type '{ plan: string; 
responsesUsedThisMonth: number; 
responsesLimit: number; } | undefined' is 
not assignable to type '{ plan: string; 
responsesUsedThisMonth?: number | 
undefined; responsesLimit?: number | 
undefined; } | null'.
  Type 'undefined' is not assignable to 
type '{ plan: string; 
responsesUsedThisMonth?: number | 
undefined; responsesLimit?: number | 
undefined; } | null'.

[0m [90m 39 |[39m                     
subscription_tier[33m:[39m profile[33m?
[39m[33m.[39msubscriptionTier 
[33m||[39m [32m"free"[39m[0m
[0m [90m 40 |[39m                 
}}[0m
[0m[31m[1m>[22m[39m[90m 41 |[39m   
              
subscription[33m=[39m{subscription}[0m
[0m [90m    |[39m                 
[31m[1m^[22m[39m[0m
[0m [90m 42 |[39m             
[33m/[39m[33m>[39m[0m
[0m [90m 43 |[39m             
[33m<[39m[33mmain[39m 
className[33m=[39m[32m"flex-1 w-full 
min-h-screen overflow-auto 
md:pl-64"[39m[33m>[39m[0m
[0m [90m 44 |[39m                 
[33m<[39m[33mdiv[39m 
className[33m=[39m[32m"p-4 md:p-8 
pt-20 md:pt-8"[39m[33m>[39m[0m
